{"level":"debug","message":"Logger initialized in development mode","timestamp":"2026-05-23 16:40:13"}
{"level":"info","message":"Connected to MongoDB","timestamp":"2026-05-23 16:40:16"}
{"level":"info","message":"Socket.IO server initialized","timestamp":"2026-05-23 16:40:16"}
{"level":"info","message":"Server is running on port 5001","timestamp":"2026-05-23 16:40:16"}
{"level":"debug","message":"Logger initialized in development mode","timestamp":"2026-05-23 16:55:11"}
{"level":"info","message":"Connected to MongoDB","timestamp":"2026-05-23 16:55:17"}
{"level":"info","message":"Socket.IO server initialized","timestamp":"2026-05-23 16:55:17"}
{"level":"info","message":"Server is running on port 5001","timestamp":"2026-05-23 16:55:17"}
{"level":"debug","message":"Logger initialized in development mode","timestamp":"2026-05-23 16:55:21"}
{"level":"info","message":"Connected to MongoDB","timestamp":"2026-05-23 16:55:24"}
{"level":"info","message":"Socket.IO server initialized","timestamp":"2026-05-23 16:55:24"}
{"level":"info","message":"Server is running on port 5001","timestamp":"2026-05-23 16:55:24"}
{"level":"debug","message":"Logger initialized in development mode","timestamp":"2026-05-23 16:55:28"}
{"level":"info","message":"Connected to MongoDB","timestamp":"2026-05-23 16:55:31"}
{"level":"info","message":"Socket.IO server initialized","timestamp":"2026-05-23 16:55:31"}
{"level":"info","message":"Server is running on port 5001","timestamp":"2026-05-23 16:55:31"}
{"level":"debug","message":"Logger initialized in development mode","timestamp":"2026-05-23 16:55:38"}
{"level":"info","message":"Connected to MongoDB","timestamp":"2026-05-23 16:55:41"}
{"level":"info","message":"Socket.IO server initialized","timestamp":"2026-05-23 16:55:41"}
{"level":"info","message":"Server is running on port 5001","timestamp":"2026-05-23 16:55:41"}
{"level":"debug","message":"Logger initialized in development mode","timestamp":"2026-05-23 16:55:57"}
{"level":"info","message":"Connected to MongoDB","timestamp":"2026-05-23 16:56:00"}
{"level":"info","message":"Socket.IO server initialized","timestamp":"2026-05-23 16:56:00"}
{"level":"info","message":"Server is running on port 5001","timestamp":"2026-05-23 16:56:00"}
{"level":"debug","message":"Logger initialized in development mode","timestamp":"2026-05-23 16:56:06"}
{"level":"info","message":"Connected to MongoDB","timestamp":"2026-05-23 16:56:09"}
{"level":"info","message":"Socket.IO server initialized","timestamp":"2026-05-23 16:56:09"}
{"level":"info","message":"Server is running on port 5001","timestamp":"2026-05-23 16:56:09"}
{"level":"debug","message":"Logger initialized in development mode","timestamp":"2026-05-23 17:00:14"}
{"level":"info","message":"Connected to MongoDB","timestamp":"2026-05-23 17:00:18"}
{"level":"info","message":"Socket.IO server initialized","timestamp":"2026-05-23 17:00:18"}
{"level":"info","message":"Server is running on port 5001","timestamp":"2026-05-23 17:00:18"}
{"level":"info","message":"SIGINT received","timestamp":"2026-05-23 17:00:35"}
{"level":"debug","message":"Logger initialized in development mode","timestamp":"2026-05-23 18:54:16"}
{"level":"warn","message":"Error loading route at /Users/barathkumar/Desktop/Jerwin/Billing_system/Backend/src/products/route.ts: ⨯ Unable to compile TypeScript:\nsrc/products/route.ts:8:29 - error TS1003: Identifier expected.\n\n8 router.post(\"/\", controller.)\n                              ~\n","timestamp":"2026-05-23 18:54:19"}
{"level":"warn","message":"TSError: ⨯ Unable to compile TypeScript:\nsrc/products/route.ts:8:29 - error TS1003: Identifier expected.\n\n8 router.post(\"/\", controller.)\n                              ~\n\n    at createTSError (/Users/barathkumar/Desktop/Jerwin/Billing_system/Backend/node_modules/ts-node/src/index.ts:859:12)\n    at reportTSError (/Users/barathkumar/Desktop/Jerwin/Billing_system/Backend/node_modules/ts-node/src/index.ts:863:19)\n    at getOutput (/Users/barathkumar/Desktop/Jerwin/Billing_system/Backend/node_modules/ts-node/src/index.ts:1077:36)\n    at Object.compile (/Users/barathkumar/Desktop/Jerwin/Billing_system/Backend/node_modules/ts-node/src/index.ts:1433:41)\n    at Module.m._compile (/Users/barathkumar/Desktop/Jerwin/Billing_system/Backend/node_modules/ts-node/src/index.ts:1617:30)\n    at node:internal/modules/cjs/loader:1699:10\n    at Object.require.extensions.<computed> [as .ts] (/Users/barathkumar/Desktop/Jerwin/Billing_system/Backend/node_modules/ts-node/src/index.ts:1621:12)\n    at Module.load (node:internal/modules/cjs/loader:1313:32)\n    at Function._load (node:internal/modules/cjs/loader:1123:12)\n    at TracingChannel.traceSync (node:diagnostics_channel:322:14)","timestamp":"2026-05-23 18:54:19"}
{"level":"info","message":"Connected to MongoDB","timestamp":"2026-05-23 18:54:20"}
{"level":"info","message":"Socket.IO server initialized","timestamp":"2026-05-23 18:54:20"}
{"level":"info","message":"Server is running on port 5001","timestamp":"2026-05-23 18:54:20"}
{"level":"debug","message":"Logger initialized in development mode","timestamp":"2026-05-23 18:54:48"}
{"level":"warn","message":"Error loading route at /Users/barathkumar/Desktop/Jerwin/Billing_system/Backend/src/products/route.ts: ⨯ Unable to compile TypeScript:\nsrc/products/route.ts:8:29 - error TS1003: Identifier expected.\n\n8 router.post(\"/\", controller.)\n                              ~\n","timestamp":"2026-05-23 18:54:51"}
{"level":"warn","message":"TSError: ⨯ Unable to compile TypeScript:\nsrc/products/route.ts:8:29 - error TS1003: Identifier expected.\n\n8 router.post(\"/\", controller.)\n                              ~\n\n    at createTSError (/Users/barathkumar/Desktop/Jerwin/Billing_system/Backend/node_modules/ts-node/src/index.ts:859:12)\n    at reportTSError (/Users/barathkumar/Desktop/Jerwin/Billing_system/Backend/node_modules/ts-node/src/index.ts:863:19)\n    at getOutput (/Users/barathkumar/Desktop/Jerwin/Billing_system/Backend/node_modules/ts-node/src/index.ts:1077:36)\n    at Object.compile (/Users/barathkumar/Desktop/Jerwin/Billing_system/Backend/node_modules/ts-node/src/index.ts:1433:41)\n    at Module.m._compile (/Users/barathkumar/Desktop/Jerwin/Billing_system/Backend/node_modules/ts-node/src/index.ts:1617:30)\n    at node:internal/modules/cjs/loader:1699:10\n    at Object.require.extensions.<computed> [as .ts] (/Users/barathkumar/Desktop/Jerwin/Billing_system/Backend/node_modules/ts-node/src/index.ts:1621:12)\n    at Module.load (node:internal/modules/cjs/loader:1313:32)\n    at Function._load (node:internal/modules/cjs/loader:1123:12)\n    at TracingChannel.traceSync (node:diagnostics_channel:322:14)","timestamp":"2026-05-23 18:54:51"}
{"level":"info","message":"Connected to MongoDB","timestamp":"2026-05-23 18:54:51"}
{"level":"info","message":"Socket.IO server initialized","timestamp":"2026-05-23 18:54:51"}
{"level":"info","message":"Server is running on port 5001","timestamp":"2026-05-23 18:54:51"}
{"level":"debug","message":"Logger initialized in development mode","timestamp":"2026-05-23 18:55:05"}
{"level":"warn","message":"Error loading route at /Users/barathkumar/Desktop/Jerwin/Billing_system/Backend/src/products/route.ts: ⨯ Unable to compile TypeScript:\nsrc/products/route.ts:8:29 - error TS1003: Identifier expected.\n\n8 router.post(\"/\", controller.)\n                              ~\n","timestamp":"2026-05-23 18:55:07"}
{"level":"warn","message":"TSError: ⨯ Unable to compile TypeScript:\nsrc/products/route.ts:8:29 - error TS1003: Identifier expected.\n\n8 router.post(\"/\", controller.)\n                              ~\n\n    at createTSError (/Users/barathkumar/Desktop/Jerwin/Billing_system/Backend/node_modules/ts-node/src/index.ts:859:12)\n    at reportTSError (/Users/barathkumar/Desktop/Jerwin/Billing_system/Backend/node_modules/ts-node/src/index.ts:863:19)\n    at getOutput (/Users/barathkumar/Desktop/Jerwin/Billing_system/Backend/node_modules/ts-node/src/index.ts:1077:36)\n    at Object.compile (/Users/barathkumar/Desktop/Jerwin/Billing_system/Backend/node_modules/ts-node/src/index.ts:1433:41)\n    at Module.m._compile (/Users/barathkumar/Desktop/Jerwin/Billing_system/Backend/node_modules/ts-node/src/index.ts:1617:30)\n    at node:internal/modules/cjs/loader:1699:10\n    at Object.require.extensions.<computed> [as .ts] (/Users/barathkumar/Desktop/Jerwin/Billing_system/Backend/node_modules/ts-node/src/index.ts:1621:12)\n    at Module.load (node:internal/modules/cjs/loader:1313:32)\n    at Function._load (node:internal/modules/cjs/loader:1123:12)\n    at TracingChannel.traceSync (node:diagnostics_channel:322:14)","timestamp":"2026-05-23 18:55:07"}
{"level":"info","message":"Connected to MongoDB","timestamp":"2026-05-23 18:55:08"}
{"level":"info","message":"Socket.IO server initialized","timestamp":"2026-05-23 18:55:08"}
{"level":"info","message":"Server is running on port 5001","timestamp":"2026-05-23 18:55:08"}
{"level":"debug","message":"Logger initialized in development mode","timestamp":"2026-05-23 18:55:33"}
{"level":"warn","message":"Error loading route at /Users/barathkumar/Desktop/Jerwin/Billing_system/Backend/src/products/route.ts: ⨯ Unable to compile TypeScript:\nsrc/products/route.ts:8:29 - error TS1003: Identifier expected.\n\n8 router.post(\"/\", controller.)\n                              ~\n","timestamp":"2026-05-23 18:55:35"}
{"level":"warn","message":"TSError: ⨯ Unable to compile TypeScript:\nsrc/products/route.ts:8:29 - error TS1003: Identifier expected.\n\n8 router.post(\"/\", controller.)\n                              ~\n\n    at createTSError (/Users/barathkumar/Desktop/Jerwin/Billing_system/Backend/node_modules/ts-node/src/index.ts:859:12)\n    at reportTSError (/Users/barathkumar/Desktop/Jerwin/Billing_system/Backend/node_modules/ts-node/src/index.ts:863:19)\n    at getOutput (/Users/barathkumar/Desktop/Jerwin/Billing_system/Backend/node_modules/ts-node/src/index.ts:1077:36)\n    at Object.compile (/Users/barathkumar/Desktop/Jerwin/Billing_system/Backend/node_modules/ts-node/src/index.ts:1433:41)\n    at Module.m._compile (/Users/barathkumar/Desktop/Jerwin/Billing_system/Backend/node_modules/ts-node/src/index.ts:1617:30)\n    at node:internal/modules/cjs/loader:1699:10\n    at Object.require.extensions.<computed> [as .ts] (/Users/barathkumar/Desktop/Jerwin/Billing_system/Backend/node_modules/ts-node/src/index.ts:1621:12)\n    at Module.load (node:internal/modules/cjs/loader:1313:32)\n    at Function._load (node:internal/modules/cjs/loader:1123:12)\n    at TracingChannel.traceSync (node:diagnostics_channel:322:14)","timestamp":"2026-05-23 18:55:35"}
{"level":"info","message":"Connected to MongoDB","timestamp":"2026-05-23 18:55:35"}
{"level":"info","message":"Socket.IO server initialized","timestamp":"2026-05-23 18:55:35"}
{"level":"info","message":"Server is running on port 5001","timestamp":"2026-05-23 18:55:35"}
{"level":"debug","message":"Logger initialized in development mode","timestamp":"2026-05-23 18:55:55"}
{"level":"warn","message":"Error loading route at /Users/barathkumar/Desktop/Jerwin/Billing_system/Backend/src/products/route.ts: ⨯ Unable to compile TypeScript:\nsrc/products/route.ts:8:29 - error TS1003: Identifier expected.\n\n8 router.post(\"/\", controller.)\n                              ~\n","timestamp":"2026-05-23 18:55:58"}
{"level":"warn","message":"TSError: ⨯ Unable to compile TypeScript:\nsrc/products/route.ts:8:29 - error TS1003: Identifier expected.\n\n8 router.post(\"/\", controller.)\n                              ~\n\n    at createTSError (/Users/barathkumar/Desktop/Jerwin/Billing_system/Backend/node_modules/ts-node/src/index.ts:859:12)\n    at reportTSError (/Users/barathkumar/Desktop/Jerwin/Billing_system/Backend/node_modules/ts-node/src/index.ts:863:19)\n    at getOutput (/Users/barathkumar/Desktop/Jerwin/Billing_system/Backend/node_modules/ts-node/src/index.ts:1077:36)\n    at Object.compile (/Users/barathkumar/Desktop/Jerwin/Billing_system/Backend/node_modules/ts-node/src/index.ts:1433:41)\n    at Module.m._compile (/Users/barathkumar/Desktop/Jerwin/Billing_system/Backend/node_modules/ts-node/src/index.ts:1617:30)\n    at node:internal/modules/cjs/loader:1699:10\n    at Object.require.extensions.<computed> [as .ts] (/Users/barathkumar/Desktop/Jerwin/Billing_system/Backend/node_modules/ts-node/src/index.ts:1621:12)\n    at Module.load (node:internal/modules/cjs/loader:1313:32)\n    at Function._load (node:internal/modules/cjs/loader:1123:12)\n    at TracingChannel.traceSync (node:diagnostics_channel:322:14)","timestamp":"2026-05-23 18:55:58"}
{"level":"info","message":"Connected to MongoDB","timestamp":"2026-05-23 18:55:58"}
{"level":"info","message":"Socket.IO server initialized","timestamp":"2026-05-23 18:55:58"}
{"level":"info","message":"Server is running on port 5001","timestamp":"2026-05-23 18:55:58"}
{"level":"debug","message":"Logger initialized in development mode","timestamp":"2026-05-23 18:56:01"}
{"level":"warn","message":"Error loading route at /Users/barathkumar/Desktop/Jerwin/Billing_system/Backend/src/products/route.ts: ⨯ Unable to compile TypeScript:\nsrc/products/route.ts:8:29 - error TS1003: Identifier expected.\n\n8 router.post(\"/\", controller.)\n                              ~\n","timestamp":"2026-05-23 18:56:03"}
{"level":"warn","message":"TSError: ⨯ Unable to compile TypeScript:\nsrc/products/route.ts:8:29 - error TS1003: Identifier expected.\n\n8 router.post(\"/\", controller.)\n                              ~\n\n    at createTSError (/Users/barathkumar/Desktop/Jerwin/Billing_system/Backend/node_modules/ts-node/src/index.ts:859:12)\n    at reportTSError (/Users/barathkumar/Desktop/Jerwin/Billing_system/Backend/node_modules/ts-node/src/index.ts:863:19)\n    at getOutput (/Users/barathkumar/Desktop/Jerwin/Billing_system/Backend/node_modules/ts-node/src/index.ts:1077:36)\n    at Object.compile (/Users/barathkumar/Desktop/Jerwin/Billing_system/Backend/node_modules/ts-node/src/index.ts:1433:41)\n    at Module.m._compile (/Users/barathkumar/Desktop/Jerwin/Billing_system/Backend/node_modules/ts-node/src/index.ts:1617:30)\n    at node:internal/modules/cjs/loader:1699:10\n    at Object.require.extensions.<computed> [as .ts] (/Users/barathkumar/Desktop/Jerwin/Billing_system/Backend/node_modules/ts-node/src/index.ts:1621:12)\n    at Module.load (node:internal/modules/cjs/loader:1313:32)\n    at Function._load (node:internal/modules/cjs/loader:1123:12)\n    at TracingChannel.traceSync (node:diagnostics_channel:322:14)","timestamp":"2026-05-23 18:56:03"}
{"level":"info","message":"Connected to MongoDB","timestamp":"2026-05-23 18:56:03"}
{"level":"info","message":"Socket.IO server initialized","timestamp":"2026-05-23 18:56:03"}
{"level":"info","message":"Server is running on port 5001","timestamp":"2026-05-23 18:56:03"}
{"level":"debug","message":"Logger initialized in development mode","timestamp":"2026-05-23 18:56:10"}
{"level":"warn","message":"Error loading route at /Users/barathkumar/Desktop/Jerwin/Billing_system/Backend/src/products/route.ts: ⨯ Unable to compile TypeScript:\nsrc/products/route.ts:8:29 - error TS1003: Identifier expected.\n\n8 router.post(\"/\", controller.)\n                              ~\n","timestamp":"2026-05-23 18:56:12"}
{"level":"warn","message":"TSError: ⨯ Unable to compile TypeScript:\nsrc/products/route.ts:8:29 - error TS1003: Identifier expected.\n\n8 router.post(\"/\", controller.)\n                              ~\n\n    at createTSError (/Users/barathkumar/Desktop/Jerwin/Billing_system/Backend/node_modules/ts-node/src/index.ts:859:12)\n    at reportTSError (/Users/barathkumar/Desktop/Jerwin/Billing_system/Backend/node_modules/ts-node/src/index.ts:863:19)\n    at getOutput (/Users/barathkumar/Desktop/Jerwin/Billing_system/Backend/node_modules/ts-node/src/index.ts:1077:36)\n    at Object.compile (/Users/barathkumar/Desktop/Jerwin/Billing_system/Backend/node_modules/ts-node/src/index.ts:1433:41)\n    at Module.m._compile (/Users/barathkumar/Desktop/Jerwin/Billing_system/Backend/node_modules/ts-node/src/index.ts:1617:30)\n    at node:internal/modules/cjs/loader:1699:10\n    at Object.require.extensions.<computed> [as .ts] (/Users/barathkumar/Desktop/Jerwin/Billing_system/Backend/node_modules/ts-node/src/index.ts:1621:12)\n    at Module.load (node:internal/modules/cjs/loader:1313:32)\n    at Function._load (node:internal/modules/cjs/loader:1123:12)\n    at TracingChannel.traceSync (node:diagnostics_channel:322:14)","timestamp":"2026-05-23 18:56:12"}
{"level":"info","message":"Connected to MongoDB","timestamp":"2026-05-23 18:56:13"}
{"level":"info","message":"Socket.IO server initialized","timestamp":"2026-05-23 18:56:13"}
{"level":"info","message":"Server is running on port 5001","timestamp":"2026-05-23 18:56:13"}
{"level":"debug","message":"Logger initialized in development mode","timestamp":"2026-06-08 18:18:37"}
{"level":"warn","message":"Error loading route at /Users/barathkumar/Desktop/Jerwin/Billing_system/Backend/src/products/route.ts: ⨯ Unable to compile TypeScript:\nsrc/products/route.ts:8:29 - error TS1003: Identifier expected.\n\n8 router.post(\"/\", controller.)\n                              ~\n","timestamp":"2026-06-08 18:18:40"}
{"level":"warn","message":"TSError: ⨯ Unable to compile TypeScript:\nsrc/products/route.ts:8:29 - error TS1003: Identifier expected.\n\n8 router.post(\"/\", controller.)\n                              ~\n\n    at createTSError (/Users/barathkumar/Desktop/Jerwin/Billing_system/Backend/node_modules/ts-node/src/index.ts:859:12)\n    at reportTSError (/Users/barathkumar/Desktop/Jerwin/Billing_system/Backend/node_modules/ts-node/src/index.ts:863:19)\n    at getOutput (/Users/barathkumar/Desktop/Jerwin/Billing_system/Backend/node_modules/ts-node/src/index.ts:1077:36)\n    at Object.compile (/Users/barathkumar/Desktop/Jerwin/Billing_system/Backend/node_modules/ts-node/src/index.ts:1433:41)\n    at Module.m._compile (/Users/barathkumar/Desktop/Jerwin/Billing_system/Backend/node_modules/ts-node/src/index.ts:1617:30)\n    at node:internal/modules/cjs/loader:1699:10\n    at Object.require.extensions.<computed> [as .ts] (/Users/barathkumar/Desktop/Jerwin/Billing_system/Backend/node_modules/ts-node/src/index.ts:1621:12)\n    at Module.load (node:internal/modules/cjs/loader:1313:32)\n    at Function._load (node:internal/modules/cjs/loader:1123:12)\n    at TracingChannel.traceSync (node:diagnostics_channel:322:14)","timestamp":"2026-06-08 18:18:40"}
{"level":"info","message":"SIGINT received","timestamp":"2026-06-08 18:18:48"}
{"errorLabelSet":{},"level":"error","message":"Could not connect to any servers in your MongoDB Atlas cluster. One common reason is that you're trying to access the database from an IP that isn't whitelisted. Make sure your current IP address is on your Atlas cluster's IP whitelist: https://www.mongodb.com/docs/atlas/security-whitelist/","reason":{"commonWireVersion":0,"compatible":true,"heartbeatFrequencyMS":10000,"localThresholdMS":15,"logicalSessionTimeoutMinutes":null,"maxElectionId":null,"maxSetVersion":null,"servers":{"ac-moeilpe-shard-00-00.nx3vnqz.mongodb.net:27017":{"$clusterTime":null,"address":"ac-moeilpe-shard-00-00.nx3vnqz.mongodb.net:27017","arbiters":[],"electionId":null,"error":{"beforeHandshake":false,"errorLabelSet":{}},"hosts":[],"iscryptd":false,"lastUpdateTime":34208930,"lastWriteDate":0,"logicalSessionTimeoutMinutes":null,"maxBsonObjectSize":null,"maxMessageSizeBytes":null,"maxWireVersion":0,"maxWriteBatchSize":null,"me":null,"minRoundTripTime":0,"minWireVersion":0,"passives":[],"primary":null,"roundTripTime":-1,"setName":null,"setVersion":null,"tags":{},"topologyVersion":null,"type":"Unknown"},"ac-moeilpe-shard-00-01.nx3vnqz.mongodb.net:27017":{"$clusterTime":null,"address":"ac-moeilpe-shard-00-01.nx3vnqz.mongodb.net:27017","arbiters":[],"electionId":null,"error":{"beforeHandshake":false,"errorLabelSet":{}},"hosts":[],"iscryptd":false,"lastUpdateTime":34208930,"lastWriteDate":0,"logicalSessionTimeoutMinutes":null,"maxBsonObjectSize":null,"maxMessageSizeBytes":null,"maxWireVersion":0,"maxWriteBatchSize":null,"me":null,"minRoundTripTime":0,"minWireVersion":0,"passives":[],"primary":null,"roundTripTime":-1,"setName":null,"setVersion":null,"tags":{},"topologyVersion":null,"type":"Unknown"},"ac-moeilpe-shard-00-02.nx3vnqz.mongodb.net:27017":{"$clusterTime":null,"address":"ac-moeilpe-shard-00-02.nx3vnqz.mongodb.net:27017","arbiters":[],"electionId":null,"error":{"beforeHandshake":false,"errorLabelSet":{}},"hosts":[],"iscryptd":false,"lastUpdateTime":34208930,"lastWriteDate":0,"logicalSessionTimeoutMinutes":null,"maxBsonObjectSize":null,"maxMessageSizeBytes":null,"maxWireVersion":0,"maxWriteBatchSize":null,"me":null,"minRoundTripTime":0,"minWireVersion":0,"passives":[],"primary":null,"roundTripTime":-1,"setName":null,"setVersion":null,"tags":{},"topologyVersion":null,"type":"Unknown"}},"setName":"atlas-v1h1a3-shard-0","stale":false,"type":"ReplicaSetNoPrimary"},"stack":"MongooseServerSelectionError: Could not connect to any servers in your MongoDB Atlas cluster. One common reason is that you're trying to access the database from an IP that isn't whitelisted. Make sure your current IP address is on your Atlas cluster's IP whitelist: https://www.mongodb.com/docs/atlas/security-whitelist/\n    at _handleConnectionErrors (/Users/barathkumar/Desktop/Jerwin/Billing_system/Backend/node_modules/mongoose/lib/connection.js:1154:11)\n    at NativeConnection.openUri (/Users/barathkumar/Desktop/Jerwin/Billing_system/Backend/node_modules/mongoose/lib/connection.js:1085:11)","timestamp":"2026-06-08 18:19:10"}
